
/home/runner/work/exp-to-generate-binary-t-x-y-data-using-ebulliometer-iitb/exp-to-generate-binary-t-x-y-data-using-ebulliometer-iitb/experiment/simulation/common_libraries/js/ts_components/collapse_step.js
   1:10  warning  'show_step' is defined but never used                 no-unused-vars
   2:5   warning  '$' is not defined                                    no-undef
   3:9   warning  '$' is not defined                                    no-undef
   6:10  warning  'hide_step' is defined but never used                 no-unused-vars
   7:5   warning  '$' is not defined                                    no-undef
   8:9   warning  '$' is not defined                                    no-undef
  11:10  warning  'get_collapse_btn_text' is defined but never used     no-unused-vars
  20:10  warning  'get_collapse_btn_element' is defined but never used  no-unused-vars
  29:10  warning  'hide_all_steps' is defined but never used            no-unused-vars
  31:9   warning  '$' is not defined                                    no-undef

/home/runner/work/exp-to-generate-binary-t-x-y-data-using-ebulliometer-iitb/exp-to-generate-binary-t-x-y-data-using-ebulliometer-iitb/experiment/simulation/common_libraries/js/ts_components/matrix.js
   27:26  warning  'MathJax' is not defined                                no-undef
   32:7   warning  'Matrix_Without_String' is defined but never used       no-unused-vars
   52:26  warning  'MathJax' is not defined                                no-undef
   56:10  warning  'get_matrix_html' is defined but never used             no-unused-vars
   87:13  warning  'row_html' is assigned a value but never used           no-unused-vars
   99:10  warning  'get_matrix_html_with_title' is defined but never used  no-unused-vars
  131:13  warning  'row_html' is assigned a value but never used           no-unused-vars
  143:10  warning  'convert_2d_to_1d_vector' is defined but never used     no-unused-vars
  156:10  warning  'convert_1d_to_2d_matrix' is defined but never used     no-unused-vars

/home/runner/work/exp-to-generate-binary-t-x-y-data-using-ebulliometer-iitb/exp-to-generate-binary-t-x-y-data-using-ebulliometer-iitb/experiment/simulation/common_libraries/js/ts_components/pannel.js
  8:7  warning  'Pannel' is defined but never used  no-unused-vars

/home/runner/work/exp-to-generate-binary-t-x-y-data-using-ebulliometer-iitb/exp-to-generate-binary-t-x-y-data-using-ebulliometer-iitb/experiment/simulation/common_libraries/js/ts_components/questions.js
   6:17  warning  'op1' is assigned a value but never used      no-unused-vars
   7:17  warning  'op2' is assigned a value but never used      no-unused-vars
   8:17  warning  'op3' is assigned a value but never used      no-unused-vars
   9:17  warning  'op4' is assigned a value but never used      no-unused-vars
  94:7   warning  'Question_Options' is defined but never used  no-unused-vars

/home/runner/work/exp-to-generate-binary-t-x-y-data-using-ebulliometer-iitb/exp-to-generate-binary-t-x-y-data-using-ebulliometer-iitb/experiment/simulation/common_libraries/js/ts_components/tables.js
   19:22  warning  'verify_values' is not defined                                     no-undef
  137:22  warning  'verify_values' is not defined                                     no-undef
  260:7   warning  'Verify_Rows_Cols_6_decimal_places' is defined but never used      no-unused-vars
  311:22  warning  'verify_values' is not defined                                     no-undef
  416:7   warning  'Verify_Rows_Cols_Custom_Fixed_Update1' is defined but never used  no-unused-vars
  468:7   warning  'Show_Table_Custom_Fixed' is defined but never used                no-unused-vars
  506:7   warning  'Verify_Rows_Cols_Strings' is defined but never used               no-unused-vars
  527:22  warning  'verify_values' is not defined                                     no-undef
  663:7   warning  'Display_Table' is defined but never used                          no-unused-vars

/home/runner/work/exp-to-generate-binary-t-x-y-data-using-ebulliometer-iitb/exp-to-generate-binary-t-x-y-data-using-ebulliometer-iitb/experiment/simulation/common_libraries/js/ts_math_library/general_math_functions.js
    1:10  warning  'verify_values' is defined but never used                   no-unused-vars
   17:10  warning  'random1' is defined but never used                         no-unused-vars
   21:10  warning  'std_deviation' is defined but never used                   no-unused-vars
   26:10  warning  'gauss' is defined but never used                           no-unused-vars
   56:10  warning  'hide_panel' is defined but never used                      no-unused-vars
   63:10  warning  'inverse_matrix' is defined but never used                  no-unused-vars
   96:10  warning  'matrix_multiplication' is defined but never used           no-unused-vars
  113:10  warning  'transpose_matrix' is defined but never used                no-unused-vars
  123:10  warning  'matrix_multiplication_8decimal' is defined but never used  no-unused-vars
  140:10  warning  'adjoint_2x2_matrix' is defined but never used              no-unused-vars
  145:10  warning  'find_deteminant' is defined but never used                 no-unused-vars
  174:10  warning  'get_Submatrix' is defined but never used                   no-unused-vars

/home/runner/work/exp-to-generate-binary-t-x-y-data-using-ebulliometer-iitb/exp-to-generate-binary-t-x-y-data-using-ebulliometer-iitb/experiment/simulation/common_libraries/js/ts_math_library/regression.js
   1:10  warning  'regression_linear' is defined but never used            no-unused-vars
  18:10  warning  'regression_linear_1variable' is defined but never used  no-unused-vars
  27:10  warning  'regression_linear_2variable' is defined but never used  no-unused-vars
  52:11  warning  'gauss' is not defined                                   no-undef

/home/runner/work/exp-to-generate-binary-t-x-y-data-using-ebulliometer-iitb/exp-to-generate-binary-t-x-y-data-using-ebulliometer-iitb/experiment/simulation/common_libraries/math.ob.js
  1:745  warning  'b' is already defined  no-redeclare

/home/runner/work/exp-to-generate-binary-t-x-y-data-using-ebulliometer-iitb/exp-to-generate-binary-t-x-y-data-using-ebulliometer-iitb/experiment/simulation/js/activity1.js
    8:14   warning  'Pannel' is not defined                                no-undef
   14:10   warning  'start_act1' is defined but never used                 no-unused-vars
   21:10   warning  'move_to_activity3' is defined but never used          no-unused-vars
   24:5    warning  'activity2' is not defined                             no-undef
   33:5    warning  'global_score' is assigned a value but never used      no-unused-vars
   34:5    warning  'a1_panel' is defined but never used                   no-unused-vars
   35:5    warning  'all_text_content' is assigned a value but never used  no-unused-vars
   36:5    warning  'canvas_box_scale' is already defined                  no-redeclare
   36:5    warning  'canvas_box_scale' is assigned a value but never used  no-unused-vars
   39:5    warning  'a1_scene' is defined but never used                   no-unused-vars
   46:5    warning  'display_score' is defined but never used              no-unused-vars
   47:5    warning  'timer1' is assigned a value but never used            no-unused-vars
   62:17   warning  'Scene' is not defined                                 no-undef
   67:27   warning  'bootstrap' is not defined                             no-undef
  105:18   warning  'Chemistry' is not defined                             no-undef
  105:42   warning  'ballast_tank' is not defined                          no-undef
  105:60   warning  'Chemistry' is not defined                             no-undef
  108:9    warning  'sq' is already defined                                no-redeclare
  108:18   warning  'Chemistry' is not defined                             no-undef
  108:42   warning  'condenser' is not defined                             no-undef
  108:57   warning  'Chemistry' is not defined                             no-undef
  111:9    warning  'sq' is already defined                                no-redeclare
  111:18   warning  'Chemistry' is not defined                             no-undef
  111:42   warning  'n2_tank' is not defined                               no-undef
  111:55   warning  'Chemistry' is not defined                             no-undef
  114:9    warning  'sq' is already defined                                no-redeclare
  114:18   warning  'Chemistry' is not defined                             no-undef
  114:42   warning  'dimmer_stat' is not defined                           no-undef
  114:59   warning  'Chemistry' is not defined                             no-undef
  117:9    warning  'sq' is already defined                                no-redeclare
  117:18   warning  'Chemistry' is not defined                             no-undef
  117:42   warning  'connector' is not defined                             no-undef
  117:57   warning  'Chemistry' is not defined                             no-undef
  120:9    warning  'sq' is already defined                                no-redeclare
  120:18   warning  'Chemistry' is not defined                             no-undef
  120:42   warning  'temp_indicator' is not defined                        no-undef
  120:62   warning  'Chemistry' is not defined                             no-undef
  123:9    warning  'sq' is already defined                                no-redeclare
  123:18   warning  'Chemistry' is not defined                             no-undef
  123:42   warning  'ebulliometer' is not defined                          no-undef
  123:60   warning  'Chemistry' is not defined                             no-undef
  153:25   warning  'Chemistry' is not defined                             no-undef
  153:50   warning  'Chemistry' is not defined                             no-undef
  164:10   warning  'ballast_tank' is not defined                          no-undef
  164:24   warning  'ballast_tank' is not defined                          no-undef
  165:10   warning  'condenser' is not defined                             no-undef
  165:21   warning  'condenser' is not defined                             no-undef
  166:10   warning  'n2_tank' is not defined                               no-undef
  166:19   warning  'n2_tank' is not defined                               no-undef
  167:10   warning  'dimmer_stat' is not defined                           no-undef
  167:23   warning  'dimmer_stat' is not defined                           no-undef
  168:10   warning  'connector' is not defined                             no-undef
  168:21   warning  'connector' is not defined                             no-undef
  169:10   warning  'temp_indicator' is not defined                        no-undef
  169:26   warning  'temp_indicator' is not defined                        no-undef
  170:10   warning  'ebulliometer' is not defined                          no-undef
  170:24   warning  'ebulliometer' is not defined                          no-undef
  173:13   warning  'Chemistry' is not defined                             no-undef
  173:52   warning  'Chemistry' is not defined                             no-undef
  174:13   warning  'Chemistry' is not defined                             no-undef
  174:49   warning  'Chemistry' is not defined                             no-undef
  175:13   warning  'Chemistry' is not defined                             no-undef
  175:47   warning  'Chemistry' is not defined                             no-undef
  176:13   warning  'Chemistry' is not defined                             no-undef
  176:51   warning  'Chemistry' is not defined                             no-undef
  177:13   warning  'Chemistry' is not defined                             no-undef
  177:49   warning  'Chemistry' is not defined                             no-undef
  178:13   warning  'Chemistry' is not defined                             no-undef
  178:54   warning  'Chemistry' is not defined                             no-undef
  179:13   warning  'Chemistry' is not defined                             no-undef
  179:52   warning  'Chemistry' is not defined                             no-undef
  187:12   warning  Unexpected constant condition                          no-constant-condition
  209:49   warning  'Chemistry' is not defined                             no-undef
  212:39   warning  'bootstrap' is not defined                             no-undef
  244:30   warning  'Chemistry' is not defined                             no-undef
  244:73   warning  'Chemistry' is not defined                             no-undef
  272:13   warning  'bsOffcanvas' is already defined                       no-redeclare
  272:31   warning  'bootstrap' is not defined                             no-undef
  274:30   warning  'Chemistry' is not defined                             no-undef
  274:118  warning  'Chemistry' is not defined                             no-undef
  317:24   warning  'activity2' is not defined                             no-undef

/home/runner/work/exp-to-generate-binary-t-x-y-data-using-ebulliometer-iitb/exp-to-generate-binary-t-x-y-data-using-ebulliometer-iitb/experiment/simulation/js/activity2.js
   26:5    warning  'take_vs_reading' is assigned a value but never used  no-unused-vars
   33:10   warning  'activity2' is defined but never used                 no-unused-vars
   34:5    warning  'pp' is not defined                                   no-undef
   35:5    warning  'pp' is not defined                                   no-undef
   36:5    warning  'pp' is not defined                                   no-undef
   37:5    warning  'pp' is not defined                                   no-undef
   43:5    warning  'pp' is not defined                                   no-undef
   50:5    warning  'pp' is not defined                                   no-undef
   51:5    warning  'canvas' is not defined                               no-undef
   51:14   warning  'pp' is not defined                                   no-undef
   52:5    warning  'context' is not defined                              no-undef
   52:15   warning  'canvas' is not defined                               no-undef
   54:5    warning  'canvas' is not defined                               no-undef
   55:5    warning  'rect' is not defined                                 no-undef
   55:12   warning  'canvas' is not defined                               no-undef
   56:5    warning  'scene' is not defined                                no-undef
   56:17   warning  'Scene' is not defined                                no-undef
   57:23   warning  'Chemistry' is not defined                            no-undef
   57:47   warning  'seq1_img' is not defined                             no-undef
   57:61   warning  'Chemistry' is not defined                            no-undef
   57:98   warning  'canvas' is not defined                               no-undef
   64:5    warning  'canvas' is not defined                               no-undef
   68:5    warning  'a1_canvas_size' is not defined                       no-undef
   70:5    warning  'a1_canvas_mapping' is not defined                    no-undef
   72:5    warning  'scene' is not defined                                no-undef
   75:10   warning  'a2_canvas_size' is defined but never used            no-unused-vars
   76:5    warning  'canvas' is not defined                               no-undef
   77:5    warning  'canvas' is not defined                               no-undef
   77:21   warning  'canvas' is not defined                               no-undef
   78:5    warning  'lscale' is not defined                               no-undef
   78:14   warning  'canvas' is not defined                               no-undef
   79:59   warning  'canvas' is not defined                               no-undef
   82:10   warning  'a2_canvas_mapping' is defined but never used         no-unused-vars
   83:5    warning  'context' is not defined                              no-undef
   83:26   warning  'canvas' is not defined                               no-undef
   84:5    warning  'context' is not defined                              no-undef
   99:22   warning  'Chemistry' is not defined                            no-undef
   99:49   warning  'Chemistry' is not defined                            no-undef
   99:77   warning  'canvas' is not defined                               no-undef
  101:21   warning  'Chemistry' is not defined                            no-undef
  101:48   warning  'Chemistry' is not defined                            no-undef
  101:75   warning  'canvas' is not defined                               no-undef
  106:26   warning  'Chemistry' is not defined                            no-undef
  106:50   warning  'injector' is not defined                             no-undef
  106:64   warning  'Chemistry' is not defined                            no-undef
  106:100  warning  'canvas' is not defined                               no-undef
  110:5    warning  'scene' is not defined                                no-undef
  117:9    warning  'pp' is not defined                                   no-undef
  118:9    warning  'show_oc3' is not defined                             no-undef
  121:9    warning  'pp' is not defined                                   no-undef
  122:9    warning  'show_oc3' is not defined                             no-undef
  123:32   warning  'seq2_img' is not defined                             no-undef
  126:13   warning  'pp' is not defined                                   no-undef
  127:13   warning  'show_oc3' is not defined                             no-undef
  132:36   warning  'seq1_img' is not defined                             no-undef
  142:32   warning  'seq3_img' is not defined                             no-undef
  151:40   warning  'seq4_img' is not defined                             no-undef
  152:17   warning  'pp' is not defined                                   no-undef
  153:17   warning  'show_oc3' is not defined                             no-undef
  168:32   warning  'Chemistry' is not defined                            no-undef
  168:64   warning  'seq6_img' is not defined                             no-undef
  168:78   warning  'Chemistry' is not defined                            no-undef
  168:115  warning  'canvas' is not defined                               no-undef
  184:32   warning  'Chemistry' is not defined                            no-undef
  184:63   warning  'seq8_img' is not defined                             no-undef
  184:77   warning  'Chemistry' is not defined                            no-undef
  184:114  warning  'canvas' is not defined                               no-undef
  200:13   warning  'pp' is not defined                                   no-undef
  201:13   warning  'show_oc3' is not defined                             no-undef
  208:9    warning  'canvas' is not defined                               no-undef
  216:9    warning  'pp' is not defined                                   no-undef
  217:9    warning  'show_oc3' is not defined                             no-undef
  222:10   warning  'open_ebu_valve' is defined but never used            no-unused-vars
  224:9    warning  'pp' is not defined                                   no-undef
  228:9    warning  'show_oc3' is not defined                             no-undef
  236:10   warning  'open_n2_valve' is defined but never used             no-unused-vars
  245:9    warning  'pp' is not defined                                   no-undef
  246:9    warning  'show_oc3' is not defined                             no-undef
  249:10   warning  'set_db' is defined but never used                    no-unused-vars
  253:9    warning  'selected_name' is not defined                        no-undef
  258:9    warning  'selected_composition' is not defined                 no-undef
  268:9    warning  'pp' is not defined                                   no-undef
  269:28   warning  'Chemistry' is not defined                            no-undef
  269:49   warning  'seq5_img' is not defined                             no-undef
  269:63   warning  'Chemistry' is not defined                            no-undef
  269:100  warning  'canvas' is not defined                               no-undef
  289:30   warning  'Chemistry' is not defined                            no-undef
  289:54   warning  'timer_img' is not defined                            no-undef
  289:69   warning  'Chemistry' is not defined                            no-undef
  289:107  warning  'canvas' is not defined                               no-undef
  300:9    warning  'pp' is not defined                                   no-undef
  305:37   warning  'rect' is not defined                                 no-undef
  305:47   warning  'lscale' is not defined                               no-undef
  306:25   warning  'canvas' is not defined                               no-undef
  306:54   warning  'rect' is not defined                                 no-undef
  306:65   warning  'lscale' is not defined                               no-undef
  311:37   warning  'rect' is not defined                                 no-undef
  311:47   warning  'lscale' is not defined                               no-undef
  312:25   warning  'canvas' is not defined                               no-undef
  312:54   warning  'rect' is not defined                                 no-undef
  312:65   warning  'lscale' is not defined                               no-undef
  319:17   warning  'val' is assigned a value but never used              no-unused-vars
  321:33   warning  'data' is not defined                                 no-undef
  322:21   warning  'data' is not defined                                 no-undef
  324:21   warning  'selected_index' is not defined                       no-undef
  327:24   warning  'data' is not defined                                 no-undef
  327:41   warning  'data' is not defined                                 no-undef
  353:21   warning  'canvas' is not defined                               no-undef
  392:13   warning  'pp' is not defined                                   no-undef
  393:13   warning  'show_oc3' is not defined                             no-undef
  418:13   warning  'pp' is not defined                                   no-undef
  419:13   warning  'show_oc3' is not defined                             no-undef
  450:5    warning  'pp' is not defined                                   no-undef
  465:10   warning  'verify_temp' is defined but never used               no-unused-vars
  468:10   warning  'verify_values' is not defined                        no-undef
  468:47   warning  'data' is not defined                                 no-undef
  468:64   warning  'data' is not defined                                 no-undef
  477:9    warning  'pp' is not defined                                   no-undef
  564:5    warning  'pp' is not defined                                   no-undef
  569:25   warning  'data' is not defined                                 no-undef
  576:27   warning  'data' is not defined                                 no-undef
  577:28   warning  'data' is not defined                                 no-undef
  582:5    warning  'side_table' is not defined                           no-undef
  584:10   warning  'act2_done' is defined but never used                 no-unused-vars
  585:5    warning  'activity4' is not defined                            no-undef

/home/runner/work/exp-to-generate-binary-t-x-y-data-using-ebulliometer-iitb/exp-to-generate-binary-t-x-y-data-using-ebulliometer-iitb/experiment/simulation/js/activity3.js
    1:19  warning  'random' is not defined                        no-undef
    2:10  warning  'activity3' is defined but never used          no-unused-vars
    3:5   warning  'pp' is not defined                            no-undef
    4:5   warning  'pp' is not defined                            no-undef
    5:5   warning  'pp' is not defined                            no-undef
    6:5   warning  'pp' is not defined                            no-undef
   35:5   warning  'pp' is not defined                            no-undef
   40:25  warning  'data' is not defined                          no-undef
   41:37  warning  'data' is not defined                          no-undef
   44:10  warning  'load_compositions' is defined but never used  no-unused-vars
   48:25  warning  'data' is not defined                          no-undef
   49:13  warning  'data' is not defined                          no-undef
   50:33  warning  'data' is not defined                          no-undef
   51:58  warning  'data' is not defined                          no-undef
   57:10  warning  'set_values' is defined but never used         no-unused-vars
   60:5   warning  'selected_name' is not defined                 no-undef
   61:5   warning  'selected_index' is not defined                no-undef
   62:5   warning  'set_data' is not defined                      no-undef
   62:14  warning  'selected_name' is not defined                 no-undef
   62:29  warning  'selected_index' is not defined                no-undef
   65:10  warning  'show_temp_reading' is defined but never used  no-unused-vars
   69:20  warning  'T' is not defined                             no-undef
   72:13  warning  'temp' is already defined                      no-redeclare
   72:20  warning  'T' is not defined                             no-undef
   76:17  warning  'T' is not defined                             no-undef
   89:17  warning  'XX' is not defined                            no-undef
   90:25  warning  'XX' is not defined                            no-undef
   91:9   warning  'XX' is not defined                            no-undef
   91:17  warning  'std_deviation' is not defined                 no-undef
   91:31  warning  'XX' is not defined                            no-undef
   92:9   warning  'YY' is not defined                            no-undef
   92:17  warning  'std_deviation' is not defined                 no-undef
   92:31  warning  'YY' is not defined                            no-undef
   93:9   warning  'TT' is not defined                            no-undef
   93:17  warning  'std_deviation' is not defined                 no-undef
   93:31  warning  'TT' is not defined                            no-undef
   95:25  warning  'table1' is not defined                        no-undef
   96:29  warning  'table1' is not defined                        no-undef
   97:13  warning  'table1' is not defined                        no-undef
   97:28  warning  'std_deviation' is not defined                 no-undef
   97:42  warning  'table1' is not defined                        no-undef
  100:5   warning  'T' is not defined                             no-undef
  100:9   warning  'TT' is not defined                            no-undef
  100:12  warning  'selected_index' is not defined                no-undef
  101:5   warning  'X1' is not defined                            no-undef
  101:10  warning  'XX' is not defined                            no-undef
  101:13  warning  'selected_index' is not defined                no-undef
  102:5   warning  'Y1' is not defined                            no-undef
  102:10  warning  'YY' is not defined                            no-undef
  102:13  warning  'selected_index' is not defined                no-undef

/home/runner/work/exp-to-generate-binary-t-x-y-data-using-ebulliometer-iitb/exp-to-generate-binary-t-x-y-data-using-ebulliometer-iitb/experiment/simulation/js/activity4.js
    2:5   warning  'calib_sim' is defined but never used       no-unused-vars
    4:10  warning  'activity4' is defined but never used       no-unused-vars
    5:5   warning  'pp' is not defined                         no-undef
    7:23  warning  'data' is not defined                       no-undef
    7:28  warning  'main_ind' is not defined                   no-undef
   11:30  warning  'Table1' is not defined                     no-undef
   12:5   warning  'pp' is not defined                         no-undef
   17:5   warning  'calculate_table2' is not defined           no-undef
   18:17  warning  'table2' is not defined                     no-undef
   19:5   warning  'calculate_regression' is not defined       no-undef
   20:5   warning  'mass_calculation' is not defined           no-undef
   21:5   warning  'calculate_last_table' is not defined       no-undef
   25:10  warning  'verify_act4' is defined but never used     no-unused-vars
   29:17  warning  'table1' is not defined                     no-undef
   29:31  warning  'table1' is not defined                     no-undef
   29:45  warning  'table1' is not defined                     no-undef
   29:59  warning  'table1' is not defined                     no-undef
   29:73  warning  'table1' is not defined                     no-undef
   29:87  warning  'table1' is not defined                     no-undef
  107:5   warning  'pp' is not defined                         no-undef
  109:10  warning  'verify_t2' is defined but never used       no-unused-vars
  114:5   warning  'add_std_deviation' is not defined          no-undef
  115:17  warning  'table2' is not defined                     no-undef
  115:31  warning  'table2' is not defined                     no-undef
  115:45  warning  'table2' is not defined                     no-undef
  115:59  warning  'table2' is not defined                     no-undef
  116:10  warning  'verify_values' is not defined              no-undef
  116:48  warning  'table2' is not defined                     no-undef
  120:10  warning  'verify_values' is not defined              no-undef
  120:48  warning  'table2' is not defined                     no-undef
  124:10  warning  'verify_values' is not defined              no-undef
  124:48  warning  'table2' is not defined                     no-undef
  128:10  warning  'verify_values' is not defined              no-undef
  128:48  warning  'table2' is not defined                     no-undef
  133:5   warning  'pp' is not defined                         no-undef
  136:25  warning  'table2' is not defined                     no-undef
  138:29  warning  'table2' is not defined                     no-undef
  139:29  warning  'table2' is not defined                     no-undef
  142:22  warning  'Table1' is not defined                     no-undef
  143:5   warning  'pp' is not defined                         no-undef
  145:5   warning  'pp' is not defined                         no-undef
  146:5   warning  'pp' is not defined                         no-undef
  152:10  warning  'complete_table' is defined but never used  no-unused-vars
  153:5   warning  'pp' is not defined                         no-undef
  156:25  warning  'table1' is not defined                     no-undef
  158:29  warning  'table1' is not defined                     no-undef
  159:32  warning  'table1' is not defined                     no-undef
  162:22  warning  'Table1' is not defined                     no-undef
  163:5   warning  'pp' is not defined                         no-undef
  172:22  warning  'Table1' is not defined                     no-undef
  173:5   warning  'pp' is not defined                         no-undef

/home/runner/work/exp-to-generate-binary-t-x-y-data-using-ebulliometer-iitb/exp-to-generate-binary-t-x-y-data-using-ebulliometer-iitb/experiment/simulation/js/activity5.js
    5:5   warning  'pol2_data' is defined but never used      no-unused-vars
    6:10  warning  'activity5' is defined but never used      no-unused-vars
    7:5   warning  'pp' is not defined                        no-undef
    8:5   warning  'pp' is not defined                        no-undef
    9:5   warning  'pp' is not defined                        no-undef
   10:5   warning  'pp' is not defined                        no-undef
   11:5   warning  'pp' is not defined                        no-undef
   58:5   warning  'pp' is not defined                        no-undef
   62:5   warning  'pp' is not defined                        no-undef
   63:5   warning  'pp' is not defined                        no-undef
   70:25  warning  'table2' is not defined                    no-undef
   71:20  warning  'table2' is not defined                    no-undef
   72:25  warning  'table2' is not defined                    no-undef
   87:21  warning  'Chart' is not defined                     no-undef
  135:30  warning  'selected_name' is not defined             no-undef
  135:61  warning  'composition' is not defined               no-undef
  135:73  warning  'selected_index' is not defined            no-undef
  144:17  warning  'regression_linear' is not defined         no-undef
  151:10  warning  'slope_verify' is defined but never used   no-unused-vars
  155:10  warning  'verify_values' is not defined             no-undef
  155:48  warning  'slope1' is not defined                    no-undef
  164:5   warning  'pp' is not defined                        no-undef
  165:5   warning  'pp' is not defined                        no-undef
  166:5   warning  'pp' is not defined                        no-undef
  167:5   warning  'pp' is not defined                        no-undef
  213:5   warning  'pp' is not defined                        no-undef
  217:5   warning  'pp' is not defined                        no-undef
  218:5   warning  'pp' is not defined                        no-undef
  225:25  warning  'table2' is not defined                    no-undef
  226:20  warning  'table2' is not defined                    no-undef
  227:25  warning  'table2' is not defined                    no-undef
  242:21  warning  'Chart' is not defined                     no-undef
  290:30  warning  'selected_name' is not defined             no-undef
  290:61  warning  'composition' is not defined               no-undef
  290:73  warning  'selected_index' is not defined            no-undef
  298:10  warning  'slope2_verify' is defined but never used  no-unused-vars
  302:10  warning  'verify_values' is not defined             no-undef
  302:48  warning  'slope2' is not defined                    no-undef
  307:5   warning  'activity6' is not defined                 no-undef

/home/runner/work/exp-to-generate-binary-t-x-y-data-using-ebulliometer-iitb/exp-to-generate-binary-t-x-y-data-using-ebulliometer-iitb/experiment/simulation/js/activity6.js
    1:10  warning  'activity6' is defined but never used           no-unused-vars
    2:5   warning  'pp' is not defined                             no-undef
    3:5   warning  'pp' is not defined                             no-undef
    4:5   warning  'pp' is not defined                             no-undef
   11:34  warning  'Ma' is not defined                             no-undef
   14:34  warning  'Mc' is not defined                             no-undef
   22:34  warning  'MW1' is not defined                            no-undef
   25:34  warning  'MW2' is not defined                            no-undef
   33:34  warning  'AA' is not defined                             no-undef
   36:34  warning  'AB' is not defined                             no-undef
   39:34  warning  'AC' is not defined                             no-undef
   47:34  warning  'slope1' is not defined                         no-undef
   50:34  warning  'slope2' is not defined                         no-undef
   55:5   warning  'pp' is not defined                             no-undef
   68:24  warning  'Table2' is not defined                         no-undef
   86:5   warning  'pp' is not defined                             no-undef
   95:5   warning  'pp' is not defined                             no-undef
   96:17  warning  'mass_comp1' is not defined                     no-undef
   96:29  warning  'mass_comp2' is not defined                     no-undef
   96:41  warning  'moles_comp1' is not defined                    no-undef
   96:54  warning  'moles_comp2' is not defined                    no-undef
   96:67  warning  'moles_fraction_comp1' is not defined           no-undef
   96:89  warning  'moles_fraction_comp2' is not defined           no-undef
   98:10  warning  'verify_act6_inputs' is defined but never used  no-unused-vars
  105:17  warning  'mass_comp1' is not defined                     no-undef
  105:29  warning  'mass_comp2' is not defined                     no-undef
  105:41  warning  'moles_comp1' is not defined                    no-undef
  105:54  warning  'moles_comp2' is not defined                    no-undef
  105:67  warning  'moles_fraction_comp1' is not defined           no-undef
  105:89  warning  'moles_fraction_comp2' is not defined           no-undef
  106:10  warning  'verify_values' is not defined                  no-undef
  106:48  warning  'mass_comp1' is not defined                     no-undef
  110:10  warning  'verify_values' is not defined                  no-undef
  110:48  warning  'mass_comp2' is not defined                     no-undef
  114:10  warning  'verify_values' is not defined                  no-undef
  114:48  warning  'moles_comp1' is not defined                    no-undef
  118:10  warning  'verify_values' is not defined                  no-undef
  118:48  warning  'moles_comp2' is not defined                    no-undef
  122:10  warning  'verify_values' is not defined                  no-undef
  122:48  warning  'moles_fraction_comp1' is not defined           no-undef
  126:10  warning  'verify_values' is not defined                  no-undef
  126:48  warning  'moles_fraction_comp2' is not defined           no-undef
  131:5   warning  'activity7' is not defined                      no-undef

/home/runner/work/exp-to-generate-binary-t-x-y-data-using-ebulliometer-iitb/exp-to-generate-binary-t-x-y-data-using-ebulliometer-iitb/experiment/simulation/js/activity7.js
    2:10   warning  'activity7' is defined but never used    no-unused-vars
    3:5    warning  'pp' is not defined                      no-undef
    4:5    warning  'pp' is not defined                      no-undef
    5:5    warning  'pp' is not defined                      no-undef
    6:5    warning  'pp' is not defined                      no-undef
   17:30   warning  'composition' is not defined             no-undef
   17:42   warning  'selected_index' is not defined          no-undef
   17:59   warning  'calculated_table' is not defined        no-undef
   17:76   warning  'selected_index' is not defined          no-undef
   17:107  warning  'calculated_table' is not defined        no-undef
   17:124  warning  'selected_index' is not defined          no-undef
   17:155  warning  'calculated_table' is not defined        no-undef
   17:172  warning  'selected_index' is not defined          no-undef
   18:24   warning  'Table' is not defined                   no-undef
   19:5    warning  'pp' is not defined                      no-undef
   24:19   warning  'A1' is not defined                      no-undef
   24:31   warning  'A2' is not defined                      no-undef
   25:19   warning  'B1' is not defined                      no-undef
   25:31   warning  'B2' is not defined                      no-undef
   26:19   warning  'C1' is not defined                      no-undef
   26:31   warning  'C2' is not defined                      no-undef
   27:18   warning  'P' is not defined                       no-undef
   36:5    warning  'pp' is not defined                      no-undef
   37:24   warning  'MathJax' is not defined                 no-undef
   39:10   warning  'verify_act7' is defined but never used  no-unused-vars
   44:17   warning  'calculated_table' is not defined        no-undef
   44:34   warning  'selected_index' is not defined          no-undef
   44:54   warning  'calculated_table' is not defined        no-undef
   44:71   warning  'selected_index' is not defined          no-undef
   44:91   warning  'calculated_table' is not defined        no-undef
   44:108  warning  'selected_index' is not defined          no-undef
   44:128  warning  'calculated_table' is not defined        no-undef
   44:145  warning  'selected_index' is not defined          no-undef
   45:10   warning  'verify_values' is not defined           no-undef
   45:48   warning  'calculated_table' is not defined        no-undef
   45:65   warning  'selected_index' is not defined          no-undef
   49:10   warning  'verify_values' is not defined           no-undef
   49:48   warning  'calculated_table' is not defined        no-undef
   49:65   warning  'selected_index' is not defined          no-undef
   53:10   warning  'verify_values' is not defined           no-undef
   53:48   warning  'calculated_table' is not defined        no-undef
   53:65   warning  'selected_index' is not defined          no-undef
   57:10   warning  'verify_values' is not defined           no-undef
   57:48   warning  'calculated_table' is not defined        no-undef
   57:65   warning  'selected_index' is not defined          no-undef
   65:5    warning  'pp' is not defined                      no-undef
   66:5    warning  'pp' is not defined                      no-undef
   67:5    warning  'pp' is not defined                      no-undef
   70:25   warning  'calculated_table' is not defined        no-undef
   72:34   warning  'composition' is not defined             no-undef
   73:29   warning  'calculated_table' is not defined        no-undef
   74:42   warning  'calculated_table' is not defined        no-undef
   77:24   warning  'Table' is not defined                   no-undef
   78:5    warning  'pp' is not defined                      no-undef
   81:10   warning  'selected_index' is not defined          no-undef
   82:5    warning  'pp' is not defined                      no-undef
   83:5    warning  'pp' is not defined                      no-undef
   87:25   warning  'calculated_table' is not defined        no-undef
   90:23   warning  'calculated_table' is not defined        no-undef
   91:23   warning  'calculated_table' is not defined        no-undef
   92:23   warning  'calculated_table' is not defined        no-undef
   93:23   warning  'calculated_table' is not defined        no-undef
   98:5    warning  'obs_table' is not defined               no-undef
  118:5    warning  'pp' is not defined                      no-undef
  118:24   warning  'obs_table' is not defined               no-undef

/home/runner/work/exp-to-generate-binary-t-x-y-data-using-ebulliometer-iitb/exp-to-generate-binary-t-x-y-data-using-ebulliometer-iitb/experiment/simulation/js/activity8.js
   1:10  warning  'activity8' is defined but never used  no-unused-vars
   2:5   warning  'pp' is not defined                    no-undef
   3:5   warning  'pp' is not defined                    no-undef
   8:5   warning  'pp' is not defined                    no-undef
   9:5   warning  'pp' is not defined                    no-undef
  14:5   warning  'label' is not defined                 no-undef
  15:5   warning  'graph_data' is not defined            no-undef
  16:25  warning  'calculated_table' is not defined      no-undef
  17:9   warning  'label' is not defined                 no-undef
  17:20  warning  'calculated_table' is not defined      no-undef
  18:9   warning  'graph_data' is not defined            no-undef
  18:34  warning  'calculated_table' is not defined      no-undef
  33:21  warning  'Chart' is not defined                 no-undef
  36:21  warning  'label' is not defined                 no-undef
  40:27  warning  'graph_data' is not defined            no-undef
  48:27  warning  'graph_data1' is not defined           no-undef
  81:30  warning  'selected_name' is not defined         no-undef
  81:61  warning  'composition' is not defined           no-undef
  81:73  warning  'selected_index' is not defined        no-undef
  90:5   warning  'pol1_data' is not defined             no-undef
  90:17  warning  'regression_linear' is not defined     no-undef
  90:35  warning  'label' is not defined                 no-undef
  90:42  warning  'graph_data' is not defined            no-undef
  91:5   warning  'graph_data1' is not defined           no-undef
  93:25  warning  'label' is not defined                 no-undef
  94:9   warning  'graph_data1' is not defined           no-undef
  94:26  warning  'pol1_data' is not defined             no-undef
  94:41  warning  'label' is not defined                 no-undef
  94:52  warning  'pol1_data' is not defined             no-undef

/home/runner/work/exp-to-generate-binary-t-x-y-data-using-ebulliometer-iitb/exp-to-generate-binary-t-x-y-data-using-ebulliometer-iitb/experiment/simulation/js/common.js
    1:10  warning  'verify_values' is defined but never used                no-unused-vars
   21:10  warning  'std_deviation' is defined but never used                no-unused-vars
   26:10  warning  'regression_linear' is defined but never used            no-unused-vars
   43:10  warning  'ascending_random_array' is defined but never used       no-unused-vars
   45:12  warning  Unexpected constant condition                            no-constant-condition
   62:10  warning  'regression_linear_2variable' is defined but never used  no-unused-vars
  112:10  warning  'show_oc3' is defined but never used                     no-unused-vars
  113:27  warning  'bootstrap' is not defined                               no-undef
  116:10  warning  'show_oc4' is defined but never used                     no-unused-vars
  117:27  warning  'bootstrap' is not defined                               no-undef

/home/runner/work/exp-to-generate-binary-t-x-y-data-using-ebulliometer-iitb/exp-to-generate-binary-t-x-y-data-using-ebulliometer-iitb/experiment/simulation/js/data.js
    1:5   warning  'dimmer_stat_reading' is assigned a value but never used  no-unused-vars
   25:21  warning  'random' is not defined                                   no-undef
   34:5   warning  'composition' is assigned a value but never used          no-unused-vars
  110:10  warning  'calculate_table2' is defined but never used              no-unused-vars
  119:10  warning  'calculate_regression' is defined but never used          no-unused-vars
  126:12  warning  'regression_linear' is not defined                        no-undef
  135:12  warning  'regression_linear' is not defined                        no-undef
  139:10  warning  'mass_calculation' is defined but never used              no-unused-vars
  156:10  warning  'calculate_last_table' is defined but never used          no-unused-vars
  171:5   warning  'side_table' is defined but never used                    no-unused-vars

/home/runner/work/exp-to-generate-binary-t-x-y-data-using-ebulliometer-iitb/exp-to-generate-binary-t-x-y-data-using-ebulliometer-iitb/experiment/simulation/js/dummy.js
  2:14  warning  'Pannel' is not defined  no-undef

/home/runner/work/exp-to-generate-binary-t-x-y-data-using-ebulliometer-iitb/exp-to-generate-binary-t-x-y-data-using-ebulliometer-iitb/experiment/simulation/js/geomerty.js
   33:49   warning  'lscale' is not defined          no-undef
   34:49   warning  'lscale' is not defined          no-undef
   46:23   warning  'pt1' is defined but never used  no-unused-vars
   46:28   warning  'pt2' is defined but never used  no-unused-vars
   46:33   warning  'pt3' is defined but never used  no-unused-vars
   50:24   warning  'geo' is defined but never used  no-unused-vars
   69:44   warning  'lscale' is not defined          no-undef
   69:66   warning  'lscale' is not defined          no-undef
   69:88   warning  'lscale' is not defined          no-undef
   82:48   warning  'lscale' is not defined          no-undef
   83:48   warning  'lscale' is not defined          no-undef
  108:47   warning  'lscale' is not defined          no-undef
  108:69   warning  'lscale' is not defined          no-undef
  109:60   warning  'lscale' is not defined          no-undef
  109:95   warning  'lscale' is not defined          no-undef
  131:39   warning  'lscale' is not defined          no-undef
  131:57   warning  'lscale' is not defined          no-undef
  132:39   warning  'lscale' is not defined          no-undef
  132:57   warning  'lscale' is not defined          no-undef
  181:39   warning  'lscale' is not defined          no-undef
  181:57   warning  'lscale' is not defined          no-undef
  182:39   warning  'lscale' is not defined          no-undef
  182:57   warning  'lscale' is not defined          no-undef
  225:33   warning  'lscale' is not defined          no-undef
  226:33   warning  'lscale' is not defined          no-undef
  274:50   warning  'lscale' is not defined          no-undef
  274:72   warning  'lscale' is not defined          no-undef
  279:61   warning  'lscale' is not defined          no-undef
  279:84   warning  'lscale' is not defined          no-undef
  279:102  warning  'lscale' is not defined          no-undef
  279:120  warning  'lscale' is not defined          no-undef
  293:33   warning  'lscale' is not defined          no-undef
  294:33   warning  'lscale' is not defined          no-undef
  295:41   warning  'lscale' is not defined          no-undef
  295:64   warning  'lscale' is not defined          no-undef
  295:98   warning  'lscale' is not defined          no-undef
  295:121  warning  'lscale' is not defined          no-undef
  296:45   warning  'lscale' is not defined          no-undef
  296:68   warning  'lscale' is not defined          no-undef
  296:102  warning  'lscale' is not defined          no-undef
  296:125  warning  'lscale' is not defined          no-undef
  323:61   warning  'lscale' is not defined          no-undef
  323:90   warning  'lscale' is not defined          no-undef
  324:61   warning  'lscale' is not defined          no-undef
  324:96   warning  'lscale' is not defined          no-undef
  325:66   warning  'lscale' is not defined          no-undef
  325:101  warning  'lscale' is not defined          no-undef
  326:66   warning  'lscale' is not defined          no-undef
  326:100  warning  'lscale' is not defined          no-undef
  327:67   warning  'lscale' is not defined          no-undef
  327:101  warning  'lscale' is not defined          no-undef
  328:67   warning  'lscale' is not defined          no-undef
  328:96   warning  'lscale' is not defined          no-undef
  329:61   warning  'lscale' is not defined          no-undef
  329:90   warning  'lscale' is not defined          no-undef
  346:33   warning  'lscale' is not defined          no-undef
  347:33   warning  'lscale' is not defined          no-undef
  376:46   warning  'lscale' is not defined          no-undef
  382:50   warning  'lscale' is not defined          no-undef
  382:72   warning  'lscale' is not defined          no-undef
  411:52   warning  'lscale' is not defined          no-undef
  411:79   warning  'lscale' is not defined          no-undef
  413:56   warning  'lscale' is not defined          no-undef
  413:83   warning  'lscale' is not defined          no-undef
  450:50   warning  'lscale' is not defined          no-undef
  450:72   warning  'lscale' is not defined          no-undef
  456:61   warning  'lscale' is not defined          no-undef
  456:84   warning  'lscale' is not defined          no-undef
  456:102  warning  'lscale' is not defined          no-undef
  456:120  warning  'lscale' is not defined          no-undef
  470:33   warning  'lscale' is not defined          no-undef
  471:33   warning  'lscale' is not defined          no-undef
  472:41   warning  'lscale' is not defined          no-undef
  472:64   warning  'lscale' is not defined          no-undef
  472:98   warning  'lscale' is not defined          no-undef
  472:121  warning  'lscale' is not defined          no-undef
  473:45   warning  'lscale' is not defined          no-undef
  473:68   warning  'lscale' is not defined          no-undef
  473:102  warning  'lscale' is not defined          no-undef
  473:125  warning  'lscale' is not defined          no-undef
  502:50   warning  'lscale' is not defined          no-undef
  502:72   warning  'lscale' is not defined          no-undef
  507:139  warning  'lscale' is not defined          no-undef
  507:172  warning  'lscale' is not defined          no-undef
  507:205  warning  'lscale' is not defined          no-undef
  507:225  warning  'lscale' is not defined          no-undef
  528:50   warning  'lscale' is not defined          no-undef
  528:72   warning  'lscale' is not defined          no-undef
  533:139  warning  'lscale' is not defined          no-undef
  533:172  warning  'lscale' is not defined          no-undef
  533:205  warning  'lscale' is not defined          no-undef
  533:225  warning  'lscale' is not defined          no-undef
  554:50   warning  'lscale' is not defined          no-undef
  554:72   warning  'lscale' is not defined          no-undef
  559:165  warning  'lscale' is not defined          no-undef
  559:198  warning  'lscale' is not defined          no-undef
  559:231  warning  'lscale' is not defined          no-undef
  559:249  warning  'lscale' is not defined          no-undef
  581:50   warning  'lscale' is not defined          no-undef
  581:72   warning  'lscale' is not defined          no-undef
  586:133  warning  'lscale' is not defined          no-undef
  586:172  warning  'lscale' is not defined          no-undef
  586:205  warning  'lscale' is not defined          no-undef
  586:224  warning  'lscale' is not defined          no-undef
  610:39   warning  'lscale' is not defined          no-undef
  610:53   warning  'lscale' is not defined          no-undef
  611:39   warning  'lscale' is not defined          no-undef
  611:53   warning  'lscale' is not defined          no-undef
  612:39   warning  'lscale' is not defined          no-undef
  612:53   warning  'lscale' is not defined          no-undef
  613:39   warning  'lscale' is not defined          no-undef
  613:53   warning  'lscale' is not defined          no-undef
  620:36   warning  'lscale' is not defined          no-undef
  620:50   warning  'lscale' is not defined          no-undef
  620:63   warning  'lscale' is not defined          no-undef
  631:36   warning  'lscale' is not defined          no-undef
  631:50   warning  'lscale' is not defined          no-undef
  631:63   warning  'lscale' is not defined          no-undef
  658:46   warning  'lscale' is not defined          no-undef
  663:50   warning  'lscale' is not defined          no-undef
  663:72   warning  'lscale' is not defined          no-undef
  685:50   warning  'lscale' is not defined          no-undef
  685:72   warning  'lscale' is not defined          no-undef
  689:46   warning  'lscale' is not defined          no-undef
  690:46   warning  'lscale' is not defined          no-undef
  690:67   warning  'lscale' is not defined          no-undef
  691:49   warning  'lscale' is not defined          no-undef
  728:50   warning  'lscale' is not defined          no-undef
  728:72   warning  'lscale' is not defined          no-undef
  744:38   warning  'lscale' is not defined          no-undef
  744:51   warning  'lscale' is not defined          no-undef
  746:38   warning  'lscale' is not defined          no-undef
  748:38   warning  'lscale' is not defined          no-undef
  748:52   warning  'lscale' is not defined          no-undef

/home/runner/work/exp-to-generate-binary-t-x-y-data-using-ebulliometer-iitb/exp-to-generate-binary-t-x-y-data-using-ebulliometer-iitb/experiment/simulation/js/pannel.js
    8:7  warning  'Pannel' is defined but never used  no-unused-vars
  151:7  warning  'Table2' is defined but never used  no-unused-vars

/home/runner/work/exp-to-generate-binary-t-x-y-data-using-ebulliometer-iitb/exp-to-generate-binary-t-x-y-data-using-ebulliometer-iitb/experiment/simulation/js/scene.js
   1:7    warning  'Scene' is defined but never used         no-unused-vars
  11:9    warning  'context' is not defined                  no-undef
  11:33   warning  'canvas' is not defined                   no-undef
  11:47   warning  'canvas' is not defined                   no-undef
  27:5    warning  'context' is not defined                  no-undef
  28:9    warning  'grd' is assigned a value but never used  no-unused-vars
  28:15   warning  'context' is not defined                  no-undef
  28:44   warning  'canvas' is not defined                   no-undef
  28:62   warning  'canvas' is not defined                   no-undef
  28:84   warning  'canvas' is not defined                   no-undef
  28:102  warning  'canvas' is not defined                   no-undef
  28:121  warning  'canvas' is not defined                   no-undef
  36:5    warning  'context' is not defined                  no-undef
  37:5    warning  'context' is not defined                  no-undef
  37:28   warning  'canvas' is not defined                   no-undef
  37:42   warning  'canvas' is not defined                   no-undef
  38:5    warning  'context' is not defined                  no-undef
  39:5    warning  'context' is not defined                  no-undef

✖ 709 problems (0 errors, 709 warnings)

